<?xml version="1.0" encoding="UTF-8"?>
<testsuites name="jest tests" tests="4" failures="1" time="4.011">
  <testsuite name="Contacts APP" errors="0" failures="1" skipped="0" timestamp="2020-05-05T12:10:47" time="3.328" tests="4">
    <testcase classname="Contacts APP Should render Contact component" name="Contacts APP Should render Contact component" time="0.033">
      <failure>RangeError: Invalid time value
    at format (/Users/ziegler-dev/codenation/react-13/node_modules/date-fns/format/index.js:390:11)
    at Contact.render (/Users/ziegler-dev/codenation/react-13/src/components/Contact/index.js:30:44)
    at finishClassComponent (/Users/ziegler-dev/codenation/react-13/node_modules/react-dom/cjs/react-dom.development.js:17160:31)
    at updateClassComponent (/Users/ziegler-dev/codenation/react-13/node_modules/react-dom/cjs/react-dom.development.js:17110:24)
    at beginWork (/Users/ziegler-dev/codenation/react-13/node_modules/react-dom/cjs/react-dom.development.js:18620:16)
    at HTMLUnknownElement.callCallback (/Users/ziegler-dev/codenation/react-13/node_modules/react-dom/cjs/react-dom.development.js:188:14)
    at invokeEventListeners (/Users/ziegler-dev/codenation/react-13/node_modules/jest-environment-jsdom/node_modules/jsdom/lib/jsdom/living/events/EventTarget-impl.js:193:27)
    at HTMLUnknownElementImpl._dispatch (/Users/ziegler-dev/codenation/react-13/node_modules/jest-environment-jsdom/node_modules/jsdom/lib/jsdom/living/events/EventTarget-impl.js:119:9)
    at HTMLUnknownElementImpl.dispatchEvent (/Users/ziegler-dev/codenation/react-13/node_modules/jest-environment-jsdom/node_modules/jsdom/lib/jsdom/living/events/EventTarget-impl.js:82:17)
    at HTMLUnknownElementImpl.dispatchEvent (/Users/ziegler-dev/codenation/react-13/node_modules/jest-environment-jsdom/node_modules/jsdom/lib/jsdom/living/nodes/HTMLElement-impl.js:30:27)
    at HTMLUnknownElement.dispatchEvent (/Users/ziegler-dev/codenation/react-13/node_modules/jest-environment-jsdom/node_modules/jsdom/lib/jsdom/living/generated/EventTarget.js:157:21)
    at Object.invokeGuardedCallbackDev (/Users/ziegler-dev/codenation/react-13/node_modules/react-dom/cjs/react-dom.development.js:237:16)
    at invokeGuardedCallback (/Users/ziegler-dev/codenation/react-13/node_modules/react-dom/cjs/react-dom.development.js:292:31)
    at beginWork$1 (/Users/ziegler-dev/codenation/react-13/node_modules/react-dom/cjs/react-dom.development.js:23203:7)
    at performUnitOfWork (/Users/ziegler-dev/codenation/react-13/node_modules/react-dom/cjs/react-dom.development.js:22157:12)
    at workLoopSync (/Users/ziegler-dev/codenation/react-13/node_modules/react-dom/cjs/react-dom.development.js:22130:22)
    at performSyncWorkOnRoot (/Users/ziegler-dev/codenation/react-13/node_modules/react-dom/cjs/react-dom.development.js:21756:9)
    at scheduleUpdateOnFiber (/Users/ziegler-dev/codenation/react-13/node_modules/react-dom/cjs/react-dom.development.js:21188:7)
    at updateContainer (/Users/ziegler-dev/codenation/react-13/node_modules/react-dom/cjs/react-dom.development.js:24373:3)
    at /Users/ziegler-dev/codenation/react-13/node_modules/react-dom/cjs/react-dom.development.js:24758:7
    at unbatchedUpdates (/Users/ziegler-dev/codenation/react-13/node_modules/react-dom/cjs/react-dom.development.js:21903:12)
    at legacyRenderSubtreeIntoContainer (/Users/ziegler-dev/codenation/react-13/node_modules/react-dom/cjs/react-dom.development.js:24757:5)
    at Object.render (/Users/ziegler-dev/codenation/react-13/node_modules/react-dom/cjs/react-dom.development.js:24840:10)
    at /Users/ziegler-dev/codenation/react-13/node_modules/@testing-library/react/dist/pure.js:86:25
    at batchedUpdates$1 (/Users/ziegler-dev/codenation/react-13/node_modules/react-dom/cjs/react-dom.development.js:21856:12)
    at act (/Users/ziegler-dev/codenation/react-13/node_modules/react-dom/cjs/react-dom-test-utils.development.js:929:14)
    at render (/Users/ziegler-dev/codenation/react-13/node_modules/@testing-library/react/dist/pure.js:82:26)
    at Object.&lt;anonymous&gt; (/Users/ziegler-dev/codenation/react-13/src/__tests__/submit.test.js:21:27)
    at Object.asyncJestTest (/Users/ziegler-dev/codenation/react-13/node_modules/jest-jasmine2/build/jasmineAsyncInstall.js:102:37)
    at /Users/ziegler-dev/codenation/react-13/node_modules/jest-jasmine2/build/queueRunner.js:43:12
    at new Promise (&lt;anonymous&gt;)
    at mapper (/Users/ziegler-dev/codenation/react-13/node_modules/jest-jasmine2/build/queueRunner.js:26:19)
    at /Users/ziegler-dev/codenation/react-13/node_modules/jest-jasmine2/build/queueRunner.js:73:41
    at processTicksAndRejections (internal/process/task_queues.js:93:5)</failure>
    </testcase>
    <testcase classname="Contacts APP Should render Contacts component" name="Contacts APP Should render Contacts component" time="0.019">
    </testcase>
    <testcase classname="Contacts APP Should render Filters component" name="Contacts APP Should render Filters component" time="0.007">
    </testcase>
    <testcase classname="Contacts APP Should render Topbar component" name="Contacts APP Should render Topbar component" time="0.004">
    </testcase>
  </testsuite>
</testsuites>